warning: ambiguous glob re-exports
 --> programs/escrow/src/instructions.rs:5:9
  |
5 | pub use make::*;
  |         ^^^^^^^ the name `handler` in the value namespace is first re-exported here
6 | pub use refund::*;
7 | pub use take::*;
  |         ------- but the name `handler` in the value namespace is also re-exported here
  |
  = note: `#[warn(ambiguous_glob_reexports)]` on by default

warning: `escrow` (lib) generated 1 warning
warning: `escrow` (lib test) generated 1 warning (1 duplicate)
    Finished `test` profile [unoptimized + debuginfo] target(s) in 0.54s
     Running unittests src/lib.rs (target/debug/deps/escrow-71915380f4478c08)

running 1 test
test test_id ... ok

test result: ok. 1 passed; 0 failed; 0 ignored; 0 measured; 0 filtered out; finished in 0.00s

     Running tests/test_escrow.rs (target/debug/deps/test_escrow-7266964eccba7179)

running 5 tests
test test_make ... ok
test test_refund ... ok
test test_full_flow ... ok
test test_take ... ok
test test_unauthorized_refund_fails ... ok

test result: ok. 5 passed; 0 failed; 0 ignored; 0 measured; 0 filtered out; finished in 0.08s

   Doc-tests escrow

running 0 tests

test result: ok. 0 passed; 0 failed; 0 ignored; 0 measured; 0 filtered out; finished in 0.00s

